---
source: src/tests/cases/ui.rs
expression: "&terminal_draw_events_mirror[2]"
---
                                                                                                                                                                                              
                                                                                                                                                                                              
                                                                                                                                               ██████████████████████████████████████████████ 
                                                                                                                                               ██████████████████████████████████████████████ 
                                                                                                                                               ██████████████████████████████████████████████ 
                                                                                                                                               ██████████████████████████████████████████████ 
                                                                                                                                               ██████████████████████████████████████████████ 
                                                                                                                                               ██████████████████████████████████████████████ 
                                                                                                                                               ██████████████████████████████████████████████ 
                                                                                                                                               ██████████████████████████████████████████████ 
                                                                                                                                               ██████████████████████████████████████████████ 
                                                                                                                                               ██████████████████████████████████████████████ 
                                                                                                                                               ██████████████████████████████████████████████ 
                                                                                                                                               ██████████████████████████████████████████████ 
                                                                                                                                               ██████████████████████████████████████████████ 
                                                         subfolder1/ (+1 descendants)                                                          ██████████████████████████████████████████████ 
                                                                                                                                               ██████████████████████████████████████████████ 
                                                                                                                                               ██████████████████████████████████████████████ 
                                                                  8.0K (50%)                                                                   ██████████████████████████████████████████████ 
                                                                                                                                               ██████████████████████████████████████████████ 
                                                                                                                                               ██████████████████████████████████████████████ 
                                                                                                                                               ██████████████████████████████████████████████ 
                                                                                                                                               ██████████████████████████████████████████████ 
                                                                                                                                               ████████████████████file3█████████████████████ 
                                                                                                                                               ██████████████████████████████████████████████ 
                                                                                                                                               ██████████████████4.0K (25%)██████████████████ 
                                                                                                                                               ██████████████████████████████████████████████ 
                                                                                                                                               ██████████████████████████████████████████████ 
                                                                                                                                               ██████████████████████████████████████████████ 
                                                                                                                                               ██████████████████████████████████████████████ 
                                                                                                                                               ██████████████████████████████████████████████ 
                                                                                                                                               ██████████████████████████████████████████████ 
                                                                                                                                               ██████████████████████████████████████████████ 
                                                                                                                                               ██████████████████████████████████████████████ 
                                                                                                                                               ██████████████████████████████████████████████ 
                                                                                                                                               ██████████████████████████████████████████████ 
                                                                                                                                               ██████████████████████████████████████████████ 
                                                                                                                                               ██████████████████████████████████████████████ 
                                                                                                                                               ██████████████████████████████████████████████ 
                                                                                                                                               ██████████████████████████████████████████████ 
                                                                                                                                               ██████████████████████████████████████████████ 
                                                                                                                                               ██████████████████████████████████████████████ 
                                                                                                                                               ██████████████████████████████████████████████ 
                                                                                                                                               ██████████████████████████████████████████████ 
                                                                                                                                               ██████████████████████████████████████████████ 
                                                                                                                                               ██████████████████████████████████████████████ 
                                                                                                                                               ██████████████████████████████████████████████ 
                                                                                                                                                                                              
 SELECTED: file3 (4.0K)                                                                                                                                                                       
                                                                                                                                                                                              

