---
source: src/tests/cases/ui.rs
expression: "&terminal_draw_events_mirror[6]"
---
                                                                                1                                                                                                             
                                                                                                                                     ┬                                                ─       
                                                                                                                                     │                                                        
                                                                                                                                     │                                                        
                                                                                                                                     │                                                        
                                                                                                                                     │                                                        
                                                                                                                                     │                                                        
                                                                                                                                     │                                                        
                                                                                                                                     │                                                        
                                                                                                                                     │                                                        
                                                                                                                                     │                                                        
                                                                                                                                     │                                                        
                                                                                                                                     │                                                        
                                                                                                                                     │                                                        
                                                                                                                                     │                                                        
                                                                                                                                     │                                                        
                                                                                                                                     │                                                        
                                                                                                                                     │                                                        
                                                                                                                                     │                                                        
                                                                                                                                     │                                                        
                                                                                                                                     │                                                        
                                                                                                                                     │                                                        
                                                                                                                                     │                         file1                          
                                                                file3                                                                │                                                        
                                                                                                                                     │                     392.0K (28%)                       
                                                              1.0M (71%)                                                             │                                                        
                                                                                                                                     │                                                        
                                                                                                                                     │                                                        
                                                                                                                                     │                                                        
                                                                                                                                     │                                                        
                                                                                                                                     │                                                        
                                                                                                                                     │                                                        
                                                                                                                                     │                                                        
                                                                                                                                     │                                                        
                                                                                                                                     │                                                        
                                                                                                                                     │                                                        
                                                                                                                                     │                                                        
                                                                                                                                     │                                                        
                                                                                                                                     │                                                        
                                                                                                                                     │                                                        
                                                                                                                                     │                                                        
                                                                                                                                     │                                                        
                                                                                                                                     │                                                        
                                                                                                                                     │                                                        
                                                                                                                                     │                                                        
                                                                                                                                     ├───────────────────────────────────────────────────────┤
                                                                                                                                     │xxxxxxxxxxxxxxxxxxxxxxxxxxxxxxxxxxxxxxxxxxxxxxxxx       
                                                                                                                                     ┴                                                ─       
                                                                                                                                                                                              
                                                                                                                                                                                              

