---
source: src/tests/cases/ui.rs
expression: "&terminal_draw_events_mirror[4]"
---
                                                                                                                                                                                              
                                                                                                                                                                                              
                                                                                                                                                                                              
                                                                                                                                                                                              
                                                                                                                                                                                              
                                                                                                                                                                                              
                                                                                                                                                                                              
                                                                                                                                                                                              
                                                                                                                                                                                              
                                                                                                                                                                                              
                                                                                                                                                                                              
                                                                                                                                                                                              
                                                                                                                                                                                              
                                                                                                                                                                                              
                                                                                                                                                                                              
                                                                                                                                                                                              
                                                                                                                                                                                              
                                                                                                                                                                                              
                                                                                                                                                                                              
                                                                                                                                                                                              
                    ┌─────────────────────────────────────────────────────────────────────────────────────────────────────────────────────────────────────────────────────┐                   
                    │                                                                                                                                                     │                   
                    │                                                                                                                                                     │                   
                    │                                                           Are you sure you want to quit?                                                            │                   
                    │                                                                                                                                                     │                   
                    │                                                                                                                                                     │                   
                    │                                                                                                                                                     │                   
                    │                                                                                                                                                     │                   
                    │                                                                        (y/n)                                                                        │                   
                    │                                                                                                                                                     │                   
                    └─────────────────────────────────────────────────────────────────────────────────────────────────────────────────────────────────────────────────────┘                   
                                                                                                                                                                                              
                                                                                                                                                                                              
                                                                                                                                                                                              
                                                                                                                                                                                              
                                                                                                                                                                                              
                                                                                                                                                                                              
                                                                                                                                                                                              
                                                                                                                                                                                              
                                                                                                                                                                                              
                                                                                                                                                                                              
                                                                                                                                                                                              
                                                                                                                                                                                              
                                                                                                                                                                                              
                                                                                                                                                                                              
                                                                                                                                                                                              
                                                                                                                                                                                              
                                                                                                                                                                                              
                                                                                                                                                                                              
                                                                                                                                                                                              

