---
source: src/tests/cases/ui.rs
expression: "&terminal_draw_events_mirror[0]"
---
 Total: 2.3M (5 files), freed: 0 | /tmp/diskonaut_tests/small_files                                                                                                                           
┌───────────────────────────────────────────────────────────────────────────────────────────────────────────────────────────────────────────────────────────┬────────────────────────────────┐
│                                                                                                                                                           │                                │
│                                                                                                                                                           │                                │
│                                                                                                                                                           │                                │
│                                                                                                                                                           │                                │
│                                                                                                                                                           │                                │
│                                                                                                                                                           │                                │
│                                                                                                                                                           │                                │
│                                                                                                                                                           │                                │
│                                                                                                                                                           │                                │
│                                                                           file2                                                                           │                                │
│                                                                                                                                                           │                                │
│                                                                                                                                                           │                                │
│                                                                        1.0M (41%)                                                                         │                                │
│                                                                                                                                                           │                                │
│                                                                                                                                                           │                                │
│                                                                                                                                                           │                                │
│                                                                                                                                                           │                                │
│                                                                                                                                                           │                                │
│                                                                                                                                                           │                                │
│                                                                                                                                                           │                                │
│                                                                                                                                                           │             file1              │
│                                                                                                                                                           │                                │
├───────────────────────────────────────────────────────────────────────────────────────────────────────────────────────────────────────────────────────────┤          392.0K (17%)          │
│                                                                                                                                                           │                                │
│                                                                                                                                                           │                                │
│                                                                                                                                                           │                                │
│                                                                                                                                                           │                                │
│                                                                                                                                                           │                                │
│                                                                                                                                                           │                                │
│                                                                                                                                                           │                                │
│                                                                                                                                                           │                                │
│                                                                                                                                                           │                                │
│                                                                           file3                                                                           │                                │
│                                                                                                                                                           │                                │
│                                                                                                                                                           │                                │
│                                                                        1.0M (41%)                                                                         │                                │
│                                                                                                                                                           │                                │
│                                                                                                                                                           │                                │
│                                                                                                                                                           │                                │
│                                                                                                                                                           │                                │
│                                                                                                                                                           │                                │
│                                                                                                                                                           │                                │
│                                                                                                                                                           │                                │
│                                                                                                                                                           ├────────────────────────────────┤
│                                                                                                                                                           │xxxxxxxxxxxxxxxxxxxxxxxxxxxxxxxx│
└───────────────────────────────────────────────────────────────────────────────────────────────────────────────────────────────────────────────────────────┴────────────────────────────────┘
                                                                                                                                                                            (x = Small files) 
 <hjkl> or <arrow keys> - move around, <ENTER> - enter folder, <ESC> - parent folder, <Ctrl-D> - delete, <q> - quit                                                                           

