---
source: src/tests/cases/ui.rs
expression: "&terminal_draw_events_mirror[4]"
---
                                                                                                                                                                                              
                                                                                                                              ┬                                                               
                                                                                                                              │                                                               
                                                                                                                              │                                                               
                                                                                                                              │                                                               
                                                                                                                              │                                                               
                                                                                                                              │                                                               
                                                                                                                              │                                                               
                                                                                                                              │                                                               
                                                                                                                              │                                                               
                                                                                                                              │                                                               
                                                             file2                                                            │                                                               
                                                                                                                              │                                                               
                                                                                                                              │                                                               
                                                          4.0K (33%)                                                          │                                                               
                                                                                                                              │                                                               
                                                                                                                              │                                                               
                                                                                                                              │                                                               
                                                                                                                              │                                                               
                                                                                                                              │                                                               
                                                                                                                              │                                                               
                                                                                                                              │                                                               
                                                                                                                              │                                                               
                                                                                                                              │                 subfolder1/ (+1 descendants)                  
├─────────────────────────────────────────────────────────────────────────────────────────────────────────────────────────────┤                                                               
                                                                                                                              │                          4.0K (33%)                           
                                                                                                                              │                                                               
                                                                                                                              │                                                               
                                                                                                                              │                                                               
                                                                                                                              │                                                               
                                                                                                                              │                                                               
                                                                                                                              │                                                               
                                                                                                                              │                                                               
                                                                                                                              │                                                               
                                                             file3                                                            │                                                               
                                                                                                                              │                                                               
                                                                                                                              │                                                               
                                                          4.0K (33%)                                                          │                                                               
                                                                                                                              │                                                               
                                                                                                                              │                                                               
                                                                                                                              │                                                               
                                                                                                                              │                                                               
                                                                                                                              │                                                               
                                                                                                                              │                                                               
                                                                                                                              │                                                               
                                                                                                                              │                                                               
                                                                                                                              │                                                               
                                                                                                                              ┴                                                               
                                                                                                                                                                                              
                                                                                                                                                                                              

