---
source: src/tests/cases/ui.rs
expression: "&terminal_draw_events_mirror[0]"
---
 Total: 6.4M (19 files), freed: 0 | /tmp/diskonaut_tests/small_files_non_square                                                                                                               
┌─────────────────────────────────────────────────────────────────────────────────────────────────────────────────────────────────────────────────────────────────────────┬──────────────────┐
│                                                                                                                                                                         │                  │
│                                                                                                                                                                         │                  │
│                                                                                                                                                                         │                  │
│                                                                                                                                                                         │                  │
│                                                                                                                                                                         │                  │
│                                                                                                                                                                         │                  │
│                                                                                                                                                                         │                  │
│                                                                                                                                                                         │                  │
│                                                                                                                                                                         │                  │
│                                                                                                                                                                         │                  │
│                                                                                                                                                                         │                  │
│                                                                                                                                                                         │                  │
│                                                                                                                                                                         │                  │
│                                                                                                                                                                         │                  │
│                                                                                                                                                                         │                  │
│                                                                                                                                                                         │      file1       │
│                                                                                                                                                                         │                  │
│                                                                                  file2                                                                                  │                  │
│                                                                                                                                                                         │   492.0K (8%)    │
│                                                                               4.8M (75%)                                                                                │                  │
│                                                                                                                                                                         │                  │
│                                                                                                                                                                         │                  │
│                                                                                                                                                                         │                  │
│                                                                                                                                                                         │                  │
│                                                                                                                                                                         │                  │
│                                                                                                                                                                         │                  │
│                                                                                                                                                                         │                  │
│                                                                                                                                                                         │                  │
│                                                                                                                                                                         │                  │
│                                                                                                                                                                         │                  │
│                                                                                                                                                                         │                  │
│                                                                                                                                                                         │                  │
│                                                                                                                                                                         │                  │
│                                                                                                                                                                         │                  │
│                                                                                                                                                                         ├───────────┬──────┤
│                                                                                                                                                                         │   file5   │xxxxxx│
│                                                                                                                                                                         │   32.0K   │xxxxxx│
├─────────────────────────────────────────────────────────────────────────────────────────────────────────────────────────────────────────────────────────────────────────┼───────────┘xxxxxx│
│                                                                                                                                                                         │xxxxxxxxxxxxxxxxxx│
│                                                                                                                                                                         │xxxxxxxxxxxxxxxxxx│
│                                                                                  file3                                                                                  │xxxxxxxxxxxxxxxxxx│
│                                                                                                                                                                         │xxxxxxxxxxxxxxxxxx│
│                                                                               1.0M (15%)                                                                                │xxxxxxxxxxxxxxxxxx│
│                                                                                                                                                                         │xxxxxxxxxxxxxxxxxx│
│                                                                                                                                                                         │xxxxxxxxxxxxxxxxxx│
└─────────────────────────────────────────────────────────────────────────────────────────────────────────────────────────────────────────────────────────────────────────┴──────────────────┘
                                                                                                                                                                            (x = Small files) 
 <hjkl> or <arrow keys> - move around, <ENTER> - enter folder, <ESC> - parent folder, <DELETE> - delete                                                                                       

