---
source: src/tests/cases/ui.rs
expression: "&terminal_draw_events_mirror[1]"
---
                                                                                                                                                                                              
                                                                                                                                                                                              
 ████████████████████████████████████████████████████████████████████████████████████████████████████████████████████████████████████████                                                     
 ████████████████████████████████████████████████████████████████████████████████████████████████████████████████████████████████████████                                                     
 ████████████████████████████████████████████████████████████████████████████████████████████████████████████████████████████████████████                                                     
 ████████████████████████████████████████████████████████████████████████████████████████████████████████████████████████████████████████                                                     
 ████████████████████████████████████████████████████████████████████████████████████████████████████████████████████████████████████████                                                     
 ████████████████████████████████████████████████████████████████████████████████████████████████████████████████████████████████████████                                                     
 ████████████████████████████████████████████████████████████████████████████████████████████████████████████████████████████████████████                                                     
 ████████████████████████████████████████████████████████████████████████████████████████████████████████████████████████████████████████                                                     
 ████████████████████████████████████████████████████████████████████████████████████████████████████████████████████████████████████████                                                     
 █████████████████████████████████████████████████████████████████file1██████████████████████████████████████████████████████████████████                                                     
 ████████████████████████████████████████████████████████████████████████████████████████████████████████████████████████████████████████                                                     
 ████████████████████████████████████████████████████████████████████████████████████████████████████████████████████████████████████████                                                     
 ██████████████████████████████████████████████████████████████16.0K (36%)███████████████████████████████████████████████████████████████                                                     
 ████████████████████████████████████████████████████████████████████████████████████████████████████████████████████████████████████████                                                     
 ████████████████████████████████████████████████████████████████████████████████████████████████████████████████████████████████████████                                                     
 ████████████████████████████████████████████████████████████████████████████████████████████████████████████████████████████████████████                                                     
 ████████████████████████████████████████████████████████████████████████████████████████████████████████████████████████████████████████                                                     
 ████████████████████████████████████████████████████████████████████████████████████████████████████████████████████████████████████████                                                     
 ████████████████████████████████████████████████████████████████████████████████████████████████████████████████████████████████████████                                                     
 ████████████████████████████████████████████████████████████████████████████████████████████████████████████████████████████████████████                                                     
 ████████████████████████████████████████████████████████████████████████████████████████████████████████████████████████████████████████                                                     
 ████████████████████████████████████████████████████████████████████████████████████████████████████████████████████████████████████████                                                     
                                                                                                                                                                                              
                                                                                                                                                                                              
                                                                                                                                                                                              
                                                                                                                                                                                              
                                                                                                                                                                                              
                                                                                                                                                                                              
                                                                                                                                                                                              
                                                                                                                                                                                              
                                                                                                                                                                                              
                                                                                                                                                                                              
                                                                                                                                                                                              
                                                                                                                                                                                              
                                                                                                                                                                                              
                                                                                                                                                                                              
                                                                                                                                                                                              
                                                                                                                                                                                              
                                                                                                                                                                                              
                                                                                                                                                                                              
                                                                                                                                                                                              
                                                                                                                                                                                              
                                                                                                                                                                                              
                                                                                                                                                                                              
                                                                                                                                                                                              
                                                                                                                                                                                              
 SELECTED: file1 (16.0K)                                                                                                                                                                      
                                                                                                                                                                                              

