---
source: src/tests/cases/ui.rs
expression: "&terminal_draw_events_mirror[3]"
---
                                                                                                                                                                                              
                                                                                                                                                                                              
                                                                                                                                                                                              
                                                                                                                                                                                              
                                                                                                                                                                                              
                                                                                                                                                                                              
                                                                                                                                                                                              
                                                                                                                                                                                              
                                                                                                                                                                                              
                                                                                                                                                                                              
                                                                                                                                                                                              
                                                                                                                                                                                              
                                                                                                                                                                                              
                                                                                                                                                                                              
                                                                                                                                                                                              
                                                                                                                                                                                              
                                                                                                                                                                                              
                                                                                                                                                                                              
                                                                                                                                                                                              
                                                                                                                                                                                              
                    ██████████████████████████████████████████████████████████████████████████████████████████████████████████│                                                               
                    ██████████████████████████████████████████████████████████████████████████████████████████████████████████│                                                               
                    ██████████████████████████████████████████████████████████████████████████████████████████████████████████│                                                               
                    ██████████████████████████████████████████████████████████████████████████████████████████████████████████│                 subfolder1/ (+1 descendants                   
                    ──────────────────────────────────────────────────────────────────────────────────────────────────────────┤                                                               
                                                                                                                              │                          4.0K (33%)                           
                                                                                                                              │                                                               
                                                                                                                              │                                                               
                                                                                                                              │                                                               
                                                                                                                              │                                                               
                                                                                                                              │                                                               
                                                                                                                                                                                              
                                                                                                                                                                                              
                                                                                                                                                                                              
                                                                                                                                                                                              
                                                                                                                                                                                              
                                                                                                                                                                                              
                                                                                                                                                                                              
                                                                                                                                                                                              
                                                                                                                                                                                              
                                                                                                                                                                                              
                                                                                                                                                                                              
                                                                                                                                                                                              
                                                                                                                                                                                              
                                                                                                                                                                                              
                                                                                                                                                                                              
                                                                                                                                                                                              
                                                                                                                                                                                              
                                                                                                                                                                                              
                                                                                                                                                                                              

