---
source: src/tests/cases/ui.rs
expression: "&terminal_draw_events_mirror[0]"
---
 Total: 20.0K, freed: 0 | /tmp/diskonaut_tests/medium_width 
┌──────────────────────────────────────────────────────────┐
│                                                          │
│                                                          │
│                                                          │
│                                                          │
│                                                          │
│                                                          │
│                                                          │
│                          file2                           │
│                                                          │
│                        8.0K (40%)                        │
│                                                          │
│                                                          │
│                                                          │
│                                                          │
│                                                          │
│                                                          │
│                                                          │
├──────────────────────────────────────────────────────────┤
│                                                          │
│                                                          │
│                                                          │
│                                                          │
│                                                          │
│                                                          │
│                                                          │
│                          file3                           │
│                                                          │
│                                                          │
│                        8.0K (40%)                        │
│                                                          │
│                                                          │
│                                                          │
│                                                          │
│                                                          │
│                                                          │
│                                                          │
├──────────────────────────────────────────────────────────┤
│                                                          │
│                                                          │
│                          file1                           │
│                                                          │
│                                                          │
│                        4.0K (20%)                        │
│                                                          │
│                                                          │
└──────────────────────────────────────────────────────────┘
                                          (x = Small files) 
 ←↓↑→/<ENTER>/<ESC>: navigate, <Ctrl-D>: del                

