---
source: src/tests/cases/ui.rs
expression: "&terminal_draw_events_mirror[9]"
---
                                                            
                                                            
                                                            
                                                            
                                                            
                                                            
                                                            
                                                            
                                                            
                                                            
                                                            
                                                            
                                                            
                                                            
                                                            
                                                            
                                                            
                                                            
                                                            
                                                            
               ┌─────────────────────────────┐              
               │                             │              
               │                             │              
               │        Really quit?         │              
               │                             │              
               │                             │              
               │                             │              
               │                             │              
               │            (y/n)            │              
               │                             │              
               └─────────────────────────────┘              
                                                            
                                                            
                                                            
                                                            
                                                            
                                                            
                                                            
                                                            
                                                            
                                                            
                                                            
                                                            
                                                            
                                                            
                                                            
                                                            
                                                            
                                                            
                                                            

