---
source: src/tests/cases/ui.rs
expression: "&terminal_draw_events_mirror[7]"
---
                                                                                                                                                                                              
                                                                                                                                                                                              
                                                                                                                                                                                              
                                                                                                                                                                                              
                                                                                                                                                                                              
                                                                                                                                                                                              
                                                                                                                                                                                              
                                                                                                                                                                                              
                                                                                                                                                                                              
                                                                                                                                                                                              
                                                                                                                                                                                              
                                                                                                                                                                                              
                                                                                                                                                                                              
                                                                                                                                                                                              
                                                                                                                                                                                              
                                                                                                                                                                                              
                                                                                                                                                                                              
                                                                                                                                                                                              
                                                                                                                                                                                              
                                                                                                                                                                                              
                    ███████████████████████████████████████████████████████████████████████████████████████████████████████████████████████████████████████████████████████                   
                    ███████████████████████████████████████████████████████████████████████████████████████████████████████████████████████████████████████████████████████                   
                    ███████████████████████████████████████████████████████████████████████████████████████████████████████████████████████████████████████████████████████                   
                    ████████████████████████████████████████████████████████████████████████file1██████████████████████████████████████████████████████████████████████████                   
                    ███████████████████████████████████████████████████████████████████████████████████████████████████████████████████████████████████████████████████████                   
                    █████████████████████████████████████████████████████████████████████4.0K (100%)███████████████████████████████████████████████████████████████████████                   
                    ███████████████████████████████████████████████████████████████████████████████████████████████████████████████████████████████████████████████████████                   
                    ███████████████████████████████████████████████████████████████████████████████████████████████████████████████████████████████████████████████████████                   
                    ███████████████████████████████████████████████████████████████████████████████████████████████████████████████████████████████████████████████████████                   
                    ███████████████████████████████████████████████████████████████████████████████████████████████████████████████████████████████████████████████████████                   
                    ███████████████████████████████████████████████████████████████████████████████████████████████████████████████████████████████████████████████████████                   
                                                                                                                                                                                              
                                                                                                                                                                                              
                                                                                                                                                                                              
                                                                                                                                                                                              
                                                                                                                                                                                              
                                                                                                                                                                                              
                                                                                                                                                                                              
                                                                                                                                                                                              
                                                                                                                                                                                              
                                                                                                                                                                                              
                                                                                                                                                                                              
                                                                                                                                                                                              
                                                                                                                                                                                              
                                                                                                                                                                                              
                                                                                                                                                                                              
                                                                                                                                                                                              
                                                                                                                                                                                              
                                                                                                                                                                                              
                                                                                                                                                                                              

