---
source: src/tests/cases/ui.rs
expression: "&terminal_draw_events_mirror[3]"
---
                                                                                                                                                                                              
                                                                                                                                                                                              
                                                                                                                                                                                              
                                                                                                                                                                                              
                                                                                                                                                                                              
                                                                                                                                                                                              
                                                                                                                                                                                              
                                                                                                                                                                                              
                                                                                                                                                                                              
                                                                                                                                                                                              
                                                                                                                                                                                              
                                                                                                                                                                                              
                                                                                                                                                                                              
                                                                                                                                                                                              
                                                                                                                                                                                              
                                                                                                                                                                                              
                                                                                                                                                                                              
                                                                                                                                                                                              
                                                                                                                                                                                              
                                                                                                                                                                                              
                    ┌─────────────────────────────────────────────────────────────────────────────────────────────────────────────────────────────────────────────────────┐                   
                    │                                                                                                                                                     │                   
                    │                                                                                                                                                     │                   
                    │                                                                                                                                                     │                   
                    │                                                                      Deleting                                                                       │                   
                    │                                                                                                                                                     │                   
                    │                                /tmp/diskonaut_tests/delete_folder_with_multiple_children_no_confirmation/subfolder1                                 │                   
                    │                                                                                                                                                     │                   
                    │                                                                                                                                                     │                   
                    │                                                                                                                                                     │                   
                    └─────────────────────────────────────────────────────────────────────────────────────────────────────────────────────────────────────────────────────┘                   
                                                                                                                                                                                              
                                                                                                                                                                                              
                                                                                                                                                                                              
                                                                                                                                                                                              
                                                                                                                                                                                              
                                                                                                                                                                                              
                                                                                                                                                                                              
                                                                                                                                                                                              
                                                                                                                                                                                              
                                                                                                                                                                                              
                                                                                                                                                                                              
                                                                                                                                                                                              
                                                                                                                                                                                              
                                                                                                                                                                                              
                                                                                                                                                                                              
                                                                                                                                                                                              
                                                                                                                                                                                              
                                                                                                                                                                                              
                                                                                                                                                                                              

