---
source: src/tests/cases/ui.rs
expression: "&terminal_draw_events_mirror[1]"
---
                                                                                                                                                                                              
                                                                                                                                                                                              
 ██████████████████████████████████████████████████████████████████████████████████████████████████████████████████████████████████████████████████████                                       
 ██████████████████████████████████████████████████████████████████████████████████████████████████████████████████████████████████████████████████████                                       
 ██████████████████████████████████████████████████████████████████████████████████████████████████████████████████████████████████████████████████████                                       
 ██████████████████████████████████████████████████████████████████████████████████████████████████████████████████████████████████████████████████████                                       
 ██████████████████████████████████████████████████████████████████████████████████████████████████████████████████████████████████████████████████████                                       
 ██████████████████████████████████████████████████████████████████████████████████████████████████████████████████████████████████████████████████████                                       
 ██████████████████████████████████████████████████████████████████████████████████████████████████████████████████████████████████████████████████████                                       
 ██████████████████████████████████████████████████████████████████████████████████████████████████████████████████████████████████████████████████████                                       
 ██████████████████████████████████████████████████████████████████████████████████████████████████████████████████████████████████████████████████████                                       
 ████████████████████████████████████████████████████████████████████████file2█████████████████████████████████████████████████████████████████████████                                       
 ██████████████████████████████████████████████████████████████████████████████████████████████████████████████████████████████████████████████████████                                       
 ██████████████████████████████████████████████████████████████████████████████████████████████████████████████████████████████████████████████████████                                       
 ██████████████████████████████████████████████████████████████████████8.0K (40%)██████████████████████████████████████████████████████████████████████                                       
 ██████████████████████████████████████████████████████████████████████████████████████████████████████████████████████████████████████████████████████                                       
 ██████████████████████████████████████████████████████████████████████████████████████████████████████████████████████████████████████████████████████                                       
 ██████████████████████████████████████████████████████████████████████████████████████████████████████████████████████████████████████████████████████                                       
 ██████████████████████████████████████████████████████████████████████████████████████████████████████████████████████████████████████████████████████                                       
 ██████████████████████████████████████████████████████████████████████████████████████████████████████████████████████████████████████████████████████                                       
 ██████████████████████████████████████████████████████████████████████████████████████████████████████████████████████████████████████████████████████                                       
 ██████████████████████████████████████████████████████████████████████████████████████████████████████████████████████████████████████████████████████                                       
 ██████████████████████████████████████████████████████████████████████████████████████████████████████████████████████████████████████████████████████                                       
 ██████████████████████████████████████████████████████████████████████████████████████████████████████████████████████████████████████████████████████                                       
                                                                                                                                                                                              
                                                                                                                                                                                              
                                                                                                                                                                                              
                                                                                                                                                                                              
                                                                                                                                                                                              
                                                                                                                                                                                              
                                                                                                                                                                                              
                                                                                                                                                                                              
                                                                                                                                                                                              
                                                                                                                                                                                              
                                                                                                                                                                                              
                                                                                                                                                                                              
                                                                                                                                                                                              
                                                                                                                                                                                              
                                                                                                                                                                                              
                                                                                                                                                                                              
                                                                                                                                                                                              
                                                                                                                                                                                              
                                                                                                                                                                                              
                                                                                                                                                                                              
                                                                                                                                                                                              
                                                                                                                                                                                              
                                                                                                                                                                                              
                                                                                                                                                                                              
 SELECTED: file2 (8.0K)                                                                                                                                                                       
                                                                                                                                                                                              

