---
source: src/tests/cases/ui.rs
expression: "&terminal_draw_events_mirror[0]"
---
 Total: 4.0K (2 files), freed: 0 | /tmp/diskonaut_tests/permission_denied_when_deleting                                                                                                       
┌────────────────────────────────────────────────────────────────────────────────────────────────────────────────────────────────────────────────────────────────────────────────────────────┐
│                                                                                                                                                                                            │
│                                                                                                                                                                                            │
│                                                                                                                                                                                            │
│                                                                                                                                                                                            │
│                                                                                                                                                                                            │
│                                                                                                                                                                                            │
│                                                                                                                                                                                            │
│                                                                                                                                                                                            │
│                                                                                                                                                                                            │
│                                                                                                                                                                                            │
│                                                                                                                                                                                            │
│                                                                                                                                                                                            │
│                                                                                                                                                                                            │
│                                                                                                                                                                                            │
│                                                                                                                                                                                            │
│                                                                                                                                                                                            │
│                                                                                                                                                                                            │
│                                                                                                                                                                                            │
│                                                                                                                                                                                            │
│                                                                                                                                                                                            │
│                                                                                                                                                                                            │
│                                                                                subfolder1/ (+1 descendants)                                                                                │
│                                                                                                                                                                                            │
│                                                                                        4.0K (100%)                                                                                         │
│                                                                                                                                                                                            │
│                                                                                                                                                                                            │
│                                                                                                                                                                                            │
│                                                                                                                                                                                            │
│                                                                                                                                                                                            │
│                                                                                                                                                                                            │
│                                                                                                                                                                                            │
│                                                                                                                                                                                            │
│                                                                                                                                                                                            │
│                                                                                                                                                                                            │
│                                                                                                                                                                                            │
│                                                                                                                                                                                            │
│                                                                                                                                                                                            │
│                                                                                                                                                                                            │
│                                                                                                                                                                                            │
│                                                                                                                                                                                            │
│                                                                                                                                                                                            │
│                                                                                                                                                                                            │
│                                                                                                                                                                                            │
│                                                                                                                                                                                            │
│                                                                                                                                                                                            │
└────────────────────────────────────────────────────────────────────────────────────────────────────────────────────────────────────────────────────────────────────────────────────────────┘
                                                                                                                                                                            (x = Small files) 
 <hjkl> or <arrow keys> - move around, <ENTER> - enter folder, <ESC> - parent folder, <Ctrl-D> - delete, <q> - quit                                                                           

