---
source: src/tests/cases/ui.rs
expression: "&terminal_draw_events_mirror[2]"
---
                                                            
                                                            
                                                            
                                                            
                                                            
                                                            
                                                            
                           file2                            
                                                            
                                                            
                         4.0K (33%)                         
                                                            
                                                            
                                                            
                                                            
                                                            
                                                            
 ██████████████████████████████████████████████████████████ 
 ██████████████████████████████████████████████████████████ 
 ██████████████████████████████████████████████████████████ 
 ██████████████████████████████████████████████████████████ 
 ██████████████████████████████████████████████████████████ 
 ██████████████████████████████████████████████████████████ 
 ██████████████████████████file3███████████████████████████ 
 ██████████████████████████████████████████████████████████ 
 ████████████████████████4.0K (33%)████████████████████████ 
 ██████████████████████████████████████████████████████████ 
 ██████████████████████████████████████████████████████████ 
 ██████████████████████████████████████████████████████████ 
 ██████████████████████████████████████████████████████████ 
 ██████████████████████████████████████████████████████████ 
 ██████████████████████████████████████████████████████████ 
                                                            
                                                            
                                                            
                                                            
                                                            
                                                            
                                                            
                                                            
                                                            
                                                            
                                                            
                                                            
                                                            
                                                            
                                                            
                                                            
               3                                            
                                                            

