---
source: src/tests/cases/ui.rs
expression: "&terminal_draw_events_mirror[3]"
---
                                                            
                                                            
                                                            
                                                            
                                                            
                                                            
                                                            
                                                            
                                                            
                                                            
                                                            
                                                            
                                                            
                                                            
                                                            
                                                            
                                                            
                                                            
                                                            
                                                            
                                                            
                                                            
                                                            
                           file3                            
                                                            
                         4.0K (33%)                         
                                                            
                                                            
                                                            
                                                            
                                                            
                                                            
                                                            
 ██████████████████████████████████████████████████████████ 
 ██████████████████████████████████████████████████████████ 
 ██████████████████████████████████████████████████████████ 
 ██████████████████████████████████████████████████████████ 
 ██████████████████████████████████████████████████████████ 
 ███████████████subfolder1/ (+1 descendants)███████████████ 
 ██████████████████████████████████████████████████████████ 
 ██████████████████████████████████████████████████████████ 
 ████████████████████████4.0K (33%)████████████████████████ 
 ██████████████████████████████████████████████████████████ 
 ██████████████████████████████████████████████████████████ 
 ██████████████████████████████████████████████████████████ 
 ██████████████████████████████████████████████████████████ 
 ██████████████████████████████████████████████████████████ 
                                                            
 SELECTED: subfolder1 (4.0K, 1 files)                       
                                                            

